// Jest Snapshot v1, https://goo.gl/fbAQLP

exports[`Loading should match the snapshot 1`] = `
<div>
  Loading your family secrets...
</div>
`;
